// Jest Snapshot v1, https://goo.gl/fbAQLP

exports[`shallow Item should render correctly 1`] = `
<div
  style={
    Object {
      "border": "2px solid black",
      "margin": "5px",
    }
  }
>
  <p>
    Name: 
  </p>
  <p>
    Monthly Expected Cost: £
  </p>
  <p>
    Expected Annual Saving: £
  </p>
</div>
`;
