// Jest Snapshot v1, https://goo.gl/fbAQLP

exports[`shallow app should render correctly 1`] = `
<div>
  <Link
    to="/"
  >
    HOME
  </Link>
  <Link
    to="/info"
  >
    Information
  </Link>
</div>
`;
