// Jest Snapshot v1, https://goo.gl/fbAQLP

exports[`shallow Overview should render correctly 1`] = `
<div>
  <p>
    showing overview component
  </p>
  <Items />
</div>
`;
